error[E0509]: cannot move out of type `S`, which implements the `Drop` trait
 --> tests/ownership/struct.rs:8:24
  |
8 |     let S { f1, f2 } = s;
  |             --  --     ^ cannot move out of here
  |             |   |
  |             |   ...and here
  |             data moved here
  |
  = note: move occurs because these variables have types that don't implement the `Copy` trait
